error TS5083: Cannot read file 'C:/Users/vaish/OneDrive/Desktop/Maestro/Check-Item/tsconfig.json'.
error TS5083: Cannot read file 'C:/Users/vaish/OneDrive/Desktop/Maestro/build_errors.txt/tsconfig.json'.
